
> portfolio@0.1.0 build
> vite build

[36mvite v7.3.0 [32mbuilding client environment for production...[36m[39m
transforming...
[32mΓ£ô[39m 2 modules transformed.
node.exe : [31mΓ£ù[39m 
Build failed in 43ms
At line:1 char:1
+ & "C:\Program 
Files\nodejs/node.exe" 
"C:\Program 
Files\nodejs/node_mo ...
+ ~~~~~~~~~~~~~~~~~~~~~~~~~~~
~~~~~~~~~~~~~~~~~~~~~~~~~~~~~
~~~~~~~~~~~~~
    + CategoryInfo           
   : NotSpecified: ([31mΓ£  
  ù[39m Build failed in 4   
 3ms:String) [], RemoteEx    
ception
    + FullyQualifiedErrorId  
   : NativeCommandError
 
[31merror during build:
[31m[vite]: Rollup failed 
to resolve import 
"react/jsx-runtime" from "D:/
praportfolio/pratap/src/index
.jsx".
This is most likely 
unintended because it can 
break your application at 
runtime.
If you do want to 
externalize this module 
explicitly add it to
`build.rollupOptions.external
`[31m
    at viteLog (file:///D:/pr
aportfolio/pratap/node_module
s/vite/dist/node/chunks/confi
g.js:33634:57)
    at file:///D:/praportfoli
o/pratap/node_modules/vite/di
st/node/chunks/config.js:3366
8:73
    at onwarn (file:///D:/pra
portfolio/pratap/node_modules
/@vitejs/plugin-react/dist/in
dex.js:76:7)
    at file:///D:/praportfoli
o/pratap/node_modules/vite/di
st/node/chunks/config.js:3366
8:28
    at onRollupLog (file:///D
:/praportfolio/pratap/node_mo
dules/vite/dist/node/chunks/c
onfig.js:33663:63)
    at onLog (file:///D:/prap
ortfolio/pratap/node_modules/
vite/dist/node/chunks/config.
js:33466:4)
    at file:///D:/praportfoli
o/pratap/node_modules/vite/no
de_modules/rollup/dist/es/sha
red/node-entry.js:21032:32
    at Object.logger [as 
onLog] (file:///D:/praportfol
io/pratap/node_modules/vite/n
ode_modules/rollup/dist/es/sh
ared/node-entry.js:22919:9)
    at ModuleLoader.handleInv
alidResolvedId (file:///D:/pr
aportfolio/pratap/node_module
s/vite/node_modules/rollup/di
st/es/shared/node-entry.js:21
663:26)
    at file:///D:/praportfoli
o/pratap/node_modules/vite/no
de_modules/rollup/dist/es/sha
red/node-entry.js:21621:26[3
9m
